// Jest Snapshot v1, https://goo.gl/fbAQLP

exports[`Bolt VRT URLs VRT URL file exists and matches snapshot 1`] = `
"{
  \\"components\\": [
    \\"https://boltdesignsystem.com/pattern-lab/patterns/20-elements-button/index.html\\",
    \\"https://boltdesignsystem.com/pattern-lab/patterns/20-elements-text-link/index.html\\",
    \\"https://boltdesignsystem.com/pattern-lab/patterns/40-components-accordion/index.html\\",
    \\"https://boltdesignsystem.com/pattern-lab/patterns/40-components-action-blocks/index.html\\",
    \\"https://boltdesignsystem.com/pattern-lab/patterns/40-components-background/index.html\\",
    \\"https://boltdesignsystem.com/pattern-lab/patterns/40-components-backgrounds-shapes/index.html\\",
    \\"https://boltdesignsystem.com/pattern-lab/patterns/40-components-band/index.html\\",
    \\"https://boltdesignsystem.com/pattern-lab/patterns/40-components-banner/index.html\\",
    \\"https://boltdesignsystem.com/pattern-lab/patterns/40-components-block-list/index.html\\",
    \\"https://boltdesignsystem.com/pattern-lab/patterns/40-components-blockquote/index.html\\",
    \\"https://boltdesignsystem.com/pattern-lab/patterns/40-components-breadcrumb/index.html\\",
    \\"https://boltdesignsystem.com/pattern-lab/patterns/40-components-button/index.html\\",
    \\"https://boltdesignsystem.com/pattern-lab/patterns/40-components-card-replacement/index.html\\",
    \\"https://boltdesignsystem.com/pattern-lab/patterns/40-components-carousel/index.html\\",
    \\"https://boltdesignsystem.com/pattern-lab/patterns/40-components-chip/index.html\\",
    \\"https://boltdesignsystem.com/pattern-lab/patterns/40-components-chips-list/index.html\\",
    \\"https://boltdesignsystem.com/pattern-lab/patterns/40-components-code-snippet/index.html\\",
    \\"https://boltdesignsystem.com/pattern-lab/patterns/40-components-copy-to-clipboard/index.html\\",
    \\"https://boltdesignsystem.com/pattern-lab/patterns/40-components-device-viewer/index.html\\",
    \\"https://boltdesignsystem.com/pattern-lab/patterns/40-components-figure/index.html\\",
    \\"https://boltdesignsystem.com/pattern-lab/patterns/40-components-form/index.html\\",
    \\"https://boltdesignsystem.com/pattern-lab/patterns/40-components-headline/index.html\\",
    \\"https://boltdesignsystem.com/pattern-lab/patterns/40-components-hero/index.html\\",
    \\"https://boltdesignsystem.com/pattern-lab/patterns/40-components-icon/index.html\\",
    \\"https://boltdesignsystem.com/pattern-lab/patterns/40-components-image/index.html\\",
    \\"https://boltdesignsystem.com/pattern-lab/patterns/40-components-link/index.html\\",
    \\"https://boltdesignsystem.com/pattern-lab/patterns/40-components-list/index.html\\",
    \\"https://boltdesignsystem.com/pattern-lab/patterns/40-components-logo/index.html\\",
    \\"https://boltdesignsystem.com/pattern-lab/patterns/40-components-menu/index.html\\",
    \\"https://boltdesignsystem.com/pattern-lab/patterns/40-components-modal/index.html\\",
    \\"https://boltdesignsystem.com/pattern-lab/patterns/40-components-nav-priority/index.html\\",
    \\"https://boltdesignsystem.com/pattern-lab/patterns/40-components-navbar/index.html\\",
    \\"https://boltdesignsystem.com/pattern-lab/patterns/40-components-ol/index.html\\",
    \\"https://boltdesignsystem.com/pattern-lab/patterns/40-components-pagination/index.html\\",
    \\"https://boltdesignsystem.com/pattern-lab/patterns/40-components-popover/index.html\\",
    \\"https://boltdesignsystem.com/pattern-lab/patterns/40-components-post/index.html\\",
    \\"https://boltdesignsystem.com/pattern-lab/patterns/40-components-progress-bar/index.html\\",
    \\"https://boltdesignsystem.com/pattern-lab/patterns/40-components-ratio/index.html\\",
    \\"https://boltdesignsystem.com/pattern-lab/patterns/40-components-share/index.html\\",
    \\"https://boltdesignsystem.com/pattern-lab/patterns/40-components-stack/index.html\\",
    \\"https://boltdesignsystem.com/pattern-lab/patterns/40-components-sticky/index.html\\",
    \\"https://boltdesignsystem.com/pattern-lab/patterns/40-components-table/index.html\\",
    \\"https://boltdesignsystem.com/pattern-lab/patterns/40-components-tabs/index.html\\",
    \\"https://boltdesignsystem.com/pattern-lab/patterns/40-components-teaser/index.html\\",
    \\"https://boltdesignsystem.com/pattern-lab/patterns/40-components-text/index.html\\",
    \\"https://boltdesignsystem.com/pattern-lab/patterns/40-components-toc/index.html\\",
    \\"https://boltdesignsystem.com/pattern-lab/patterns/40-components-tooltip/index.html\\",
    \\"https://boltdesignsystem.com/pattern-lab/patterns/40-components-trigger/index.html\\",
    \\"https://boltdesignsystem.com/pattern-lab/patterns/40-components-typeahead/index.html\\",
    \\"https://boltdesignsystem.com/pattern-lab/patterns/40-components-ul/index.html\\"
  ]
}
"
`;
